2026-01-30 19:09:23,761 - INFO - 🤖 Dashboard Sentinel - ELF Standard - Starting monitoring cycle...
2026-01-30 19:09:53,775 - INFO - 🤖 Dashboard Sentinel - ELF Standard - Starting monitoring cycle...
2026-01-30 19:10:23,789 - INFO - 🤖 Dashboard Sentinel - ELF Standard - Starting monitoring cycle...
2026-01-30 19:10:23,796 - INFO - 
======================================================================
2026-01-30 19:10:23,796 - INFO - 🚀 EXECUTING AGENT WORKFLOWS FOR 1 PATTERNS
2026-01-30 19:10:23,796 - INFO - ======================================================================
2026-01-30 19:10:23,796 - INFO - 
📍 Processing pattern: Declining activity trend detected
2026-01-30 19:10:23,796 - INFO - 🔍 Handling pattern: Declining activity trend detected
2026-01-30 19:10:23,796 - INFO - 📞 Should call agent: researcher
2026-01-30 19:10:23,796 - INFO - 💡 Recommendation: Investigate root cause of activity decline
2026-01-30 19:10:23,796 - INFO - 💡 Recommendation: Check if users are disengaged
2026-01-30 19:10:23,796 - INFO - 💡 Recommendation: Review recent system changes
2026-01-30 19:10:23,797 - INFO - 💡 Recommendation: Consider running user survey or analysis
2026-01-30 19:10:23,803 - INFO - ✅ Determined agent: researcher
2026-01-30 19:10:23,804 - INFO - 📞 Calling researcher agent...
2026-01-30 19:10:23,804 - INFO - 
======================================================================
2026-01-30 19:10:23,804 - INFO - 🚀 EXECUTING WORKFLOW FOR PATTERN: Declining activity trend detected
2026-01-30 19:10:23,804 - INFO - ======================================================================
2026-01-30 19:10:23,804 - INFO - 
[1️⃣ AGENT CALL] Calling researcher agent...
2026-01-30 19:15:23,948 - ERROR - ❌ Agent researcher failed to respond
2026-01-30 19:15:23,949 - ERROR - ❌ Workflow failed for pattern: Declining activity trend detected
2026-01-30 19:15:23,949 - ERROR -    Status: agent_failed
2026-01-30 19:15:23,949 - INFO - 
======================================================================
2026-01-30 19:15:23,949 - INFO - ✅ AGENT WORKFLOWS EXECUTION COMPLETE
2026-01-30 19:15:23,949 - INFO -    Patterns processed: 1
2026-01-30 19:15:23,949 - INFO -    Successful workflows: 0
2026-01-30 19:15:23,949 - INFO - ======================================================================

2026-01-30 19:15:23,949 - INFO - 🔍 Patterns detected: Declining activity trend detected
2026-01-30 19:15:53,955 - INFO - 🤖 Dashboard Sentinel - ELF Standard - Starting monitoring cycle...
2026-01-30 19:16:23,970 - INFO - 🤖 Dashboard Sentinel - ELF Standard - Starting monitoring cycle...
2026-01-30 19:16:53,985 - INFO - 🤖 Dashboard Sentinel - ELF Standard - Starting monitoring cycle...
2026-01-30 19:17:23,998 - INFO - 🤖 Dashboard Sentinel - ELF Standard - Starting monitoring cycle...
2026-01-30 19:17:54,018 - INFO - 🤖 Dashboard Sentinel - ELF Standard - Starting monitoring cycle...
2026-01-30 19:18:24,033 - INFO - 🤖 Dashboard Sentinel - ELF Standard - Starting monitoring cycle...
2026-01-30 19:18:54,047 - INFO - 🤖 Dashboard Sentinel - ELF Standard - Starting monitoring cycle...
2026-01-30 19:19:24,066 - INFO - 🤖 Dashboard Sentinel - ELF Standard - Starting monitoring cycle...
2026-01-30 19:20:06,610 - INFO - ======================================================================
2026-01-30 19:20:06,610 - INFO - 🚀 PHASE 2: Starting Dashboard Sentinel - Continuous Monitoring Mode
2026-01-30 19:20:06,610 - INFO - ======================================================================
2026-01-30 19:20:06,610 - INFO - Interval: 30s
2026-01-30 19:20:06,610 - INFO - Log level: INFO
2026-01-30 19:20:06,610 - INFO - Standard ELF Integration: Enabled
2026-01-30 19:20:06,610 - INFO - Event Chronicle Recording: Enabled
2026-01-30 19:20:06,610 - INFO - ======================================================================
2026-01-30 19:20:07,524 - INFO - ✓ Sentinel initialized
2026-01-30 19:20:07,524 - INFO - ✓ Starting continuous monitoring loop...
2026-01-30 19:20:07,524 - INFO - 
2026-01-30 19:20:07,524 - INFO - 🚀 Dashboard Sentinel - ELF Standard starting continuous monitoring (interval: 30s)
2026-01-30 19:20:07,524 - INFO - 🤖 Dashboard Sentinel - ELF Standard - Starting monitoring cycle...
2026-01-30 19:20:37,537 - INFO - 🤖 Dashboard Sentinel - ELF Standard - Starting monitoring cycle...
2026-01-30 19:21:07,556 - INFO - 🤖 Dashboard Sentinel - ELF Standard - Starting monitoring cycle...
2026-01-30 19:21:37,574 - INFO - 🤖 Dashboard Sentinel - ELF Standard - Starting monitoring cycle...
2026-01-30 19:22:07,589 - INFO - 🤖 Dashboard Sentinel - ELF Standard - Starting monitoring cycle...
2026-01-30 19:22:07,598 - INFO - 
======================================================================
2026-01-30 19:22:07,598 - INFO - 🚀 EXECUTING AGENT WORKFLOWS FOR 1 PATTERNS
2026-01-30 19:22:07,598 - INFO - ======================================================================
2026-01-30 19:22:07,598 - INFO - 
📍 Processing pattern: Declining activity trend detected
2026-01-30 19:22:07,598 - INFO - 🔍 Handling pattern: Declining activity trend detected
2026-01-30 19:22:07,598 - INFO - 📞 Should call agent: researcher
2026-01-30 19:22:07,598 - INFO - 💡 Recommendation: Investigate root cause of activity decline
2026-01-30 19:22:07,598 - INFO - 💡 Recommendation: Check if users are disengaged
2026-01-30 19:22:07,598 - INFO - 💡 Recommendation: Review recent system changes
2026-01-30 19:22:07,598 - INFO - 💡 Recommendation: Consider running user survey or analysis
2026-01-30 19:22:07,604 - INFO - ✅ Determined agent: researcher
2026-01-30 19:22:07,604 - INFO - 📞 Calling researcher agent...
2026-01-30 19:22:07,604 - INFO - 
======================================================================
2026-01-30 19:22:07,604 - INFO - 🚀 EXECUTING WORKFLOW FOR PATTERN: Declining activity trend detected
2026-01-30 19:22:07,604 - INFO - ======================================================================
2026-01-30 19:22:07,604 - INFO - 
[1️⃣ AGENT CALL] Calling researcher agent...
2026-01-30 19:27:07,768 - ERROR - ❌ Agent researcher failed to respond
2026-01-30 19:27:07,768 - ERROR - ❌ Workflow failed for pattern: Declining activity trend detected
2026-01-30 19:27:07,768 - ERROR -    Status: agent_failed
2026-01-30 19:27:07,768 - INFO - 
======================================================================
2026-01-30 19:27:07,768 - INFO - ✅ AGENT WORKFLOWS EXECUTION COMPLETE
2026-01-30 19:27:07,769 - INFO -    Patterns processed: 1
2026-01-30 19:27:07,769 - INFO -    Successful workflows: 0
2026-01-30 19:27:07,769 - INFO - ======================================================================

2026-01-30 19:27:07,769 - INFO - 🔍 Patterns detected: Declining activity trend detected
2026-01-30 19:27:37,780 - INFO - 🤖 Dashboard Sentinel - ELF Standard - Starting monitoring cycle...
2026-01-30 19:28:07,806 - INFO - 🤖 Dashboard Sentinel - ELF Standard - Starting monitoring cycle...
2026-01-30 19:28:37,831 - INFO - 🤖 Dashboard Sentinel - ELF Standard - Starting monitoring cycle...
2026-01-30 19:29:07,856 - INFO - 🤖 Dashboard Sentinel - ELF Standard - Starting monitoring cycle...
2026-01-30 19:29:37,885 - INFO - 🤖 Dashboard Sentinel - ELF Standard - Starting monitoring cycle...
2026-01-30 19:30:07,910 - INFO - 🤖 Dashboard Sentinel - ELF Standard - Starting monitoring cycle...
2026-01-30 19:30:37,929 - INFO - 🤖 Dashboard Sentinel - ELF Standard - Starting monitoring cycle...
2026-01-30 19:31:07,941 - INFO - 🤖 Dashboard Sentinel - ELF Standard - Starting monitoring cycle...
2026-01-30 19:31:37,958 - INFO - 🤖 Dashboard Sentinel - ELF Standard - Starting monitoring cycle...
2026-01-30 19:32:07,976 - INFO - 🤖 Dashboard Sentinel - ELF Standard - Starting monitoring cycle...
2026-01-30 19:32:37,992 - INFO - 🤖 Dashboard Sentinel - ELF Standard - Starting monitoring cycle...
2026-01-30 19:32:37,999 - ERROR - Metrics collection failed: HTTPConnectionPool(host='localhost', port=8888): Max retries exceeded with url: /docs (Caused by NewConnectionError('<urllib3.connection.HTTPConnection object at 0x7f3120ffb4d0>: Failed to establish a new connection: [Errno 111] Connection refused'))
2026-01-30 19:32:37,999 - INFO - 
======================================================================
2026-01-30 19:32:37,999 - INFO - 🚀 EXECUTING AGENT WORKFLOWS FOR 1 PATTERNS
2026-01-30 19:32:37,999 - INFO - ======================================================================
2026-01-30 19:32:37,999 - INFO - 
📍 Processing pattern: Service instability detected
2026-01-30 19:32:37,999 - INFO - 🔍 Handling pattern: Service instability detected
2026-01-30 19:32:37,999 - INFO - 📞 Should call agent: architect
2026-01-30 19:32:37,999 - INFO - 💡 Recommendation: Implement stability improvements
2026-01-30 19:32:37,999 - INFO - 💡 Recommendation: Add monitoring and alerting
2026-01-30 19:32:37,999 - INFO - 💡 Recommendation: Consider redundancy/failover
2026-01-30 19:32:37,999 - INFO - 💡 Recommendation: Review infrastructure capacity
2026-01-30 19:32:38,004 - INFO - ✅ Determined agent: architect
2026-01-30 19:32:38,004 - INFO - 📞 Calling architect agent...
2026-01-30 19:32:38,004 - INFO - 
======================================================================
2026-01-30 19:32:38,004 - INFO - 🚀 EXECUTING WORKFLOW FOR PATTERN: Service instability detected
2026-01-30 19:32:38,005 - INFO - ======================================================================
2026-01-30 19:32:38,005 - INFO - 
[1️⃣ AGENT CALL] Calling architect agent...
2026-01-30 19:37:38,188 - ERROR - ❌ Agent architect failed to respond
2026-01-30 19:37:38,188 - ERROR - ❌ Workflow failed for pattern: Service instability detected
2026-01-30 19:37:38,189 - ERROR -    Status: agent_failed
2026-01-30 19:37:38,189 - INFO - 
======================================================================
2026-01-30 19:37:38,189 - INFO - ✅ AGENT WORKFLOWS EXECUTION COMPLETE
2026-01-30 19:37:38,189 - INFO -    Patterns processed: 1
2026-01-30 19:37:38,189 - INFO -    Successful workflows: 0
2026-01-30 19:37:38,189 - INFO - ======================================================================

2026-01-30 19:37:38,189 - CRITICAL - 🚨 CRITICAL: Service health issues detected!
2026-01-30 19:37:38,189 - INFO - 🔍 Patterns detected: Service instability detected
2026-01-30 19:37:38,189 - INFO - 🎯 Priority action: Fix monitoring system
2026-01-30 19:38:08,196 - INFO - 🤖 Dashboard Sentinel - ELF Standard - Starting monitoring cycle...
2026-01-30 19:38:38,210 - INFO - 🤖 Dashboard Sentinel - ELF Standard - Starting monitoring cycle...
2026-01-30 19:39:08,222 - INFO - 🤖 Dashboard Sentinel - ELF Standard - Starting monitoring cycle...
2026-01-30 19:39:38,234 - INFO - 🤖 Dashboard Sentinel - ELF Standard - Starting monitoring cycle...
2026-01-30 19:39:38,243 - INFO - 
======================================================================
2026-01-30 19:39:38,243 - INFO - 🚀 EXECUTING AGENT WORKFLOWS FOR 1 PATTERNS
2026-01-30 19:39:38,243 - INFO - ======================================================================
2026-01-30 19:39:38,243 - INFO - 
📍 Processing pattern: Cyclical pattern detected: Activity cycle of 10 intervals detected
2026-01-30 19:39:38,243 - INFO - 🔍 Handling pattern: Cyclical pattern detected: Activity cycle of 10 intervals detected
2026-01-30 19:39:38,243 - INFO - 📞 Should call agent: researcher
2026-01-30 19:39:38,243 - INFO - 💡 Recommendation: Confirm cyclical pattern continues
2026-01-30 19:39:38,243 - INFO - 💡 Recommendation: Plan resources around cycle
2026-01-30 19:39:38,243 - INFO - 💡 Recommendation: Optimize for peak times
2026-01-30 19:39:38,243 - INFO - 💡 Recommendation: Automate cycle-based actions
2026-01-30 19:39:38,249 - INFO - ✅ Determined agent: researcher
2026-01-30 19:39:38,249 - INFO - 📞 Calling researcher agent...
2026-01-30 19:39:38,249 - INFO - 
======================================================================
2026-01-30 19:39:38,249 - INFO - 🚀 EXECUTING WORKFLOW FOR PATTERN: Cyclical pattern detected: Activity cycle of 10 intervals detected
2026-01-30 19:39:38,250 - INFO - ======================================================================
2026-01-30 19:39:38,250 - INFO - 
[1️⃣ AGENT CALL] Calling researcher agent...
2026-01-30 19:44:38,396 - ERROR - ❌ Agent researcher failed to respond
2026-01-30 19:44:38,397 - ERROR - ❌ Workflow failed for pattern: Cyclical pattern detected: Activity cycle of 10 intervals detected
2026-01-30 19:44:38,397 - ERROR -    Status: agent_failed
2026-01-30 19:44:38,397 - INFO - 
======================================================================
2026-01-30 19:44:38,397 - INFO - ✅ AGENT WORKFLOWS EXECUTION COMPLETE
2026-01-30 19:44:38,398 - INFO -    Patterns processed: 1
2026-01-30 19:44:38,398 - INFO -    Successful workflows: 0
2026-01-30 19:44:38,398 - INFO - ======================================================================

2026-01-30 19:44:38,400 - INFO - 🔍 Patterns detected: Cyclical pattern detected: Activity cycle of 10 intervals detected
2026-01-30 19:45:08,409 - INFO - 🤖 Dashboard Sentinel - ELF Standard - Starting monitoring cycle...
2026-01-30 19:45:38,434 - INFO - 🤖 Dashboard Sentinel - ELF Standard - Starting monitoring cycle...
2026-01-30 19:46:08,452 - INFO - 🤖 Dashboard Sentinel - ELF Standard - Starting monitoring cycle...
2026-01-30 19:46:38,474 - INFO - 🤖 Dashboard Sentinel - ELF Standard - Starting monitoring cycle...
2026-01-30 19:47:08,497 - INFO - 🤖 Dashboard Sentinel - ELF Standard - Starting monitoring cycle...
2026-01-30 19:47:38,557 - INFO - 🤖 Dashboard Sentinel - ELF Standard - Starting monitoring cycle...
2026-01-30 19:48:08,583 - INFO - 🤖 Dashboard Sentinel - ELF Standard - Starting monitoring cycle...
2026-01-30 19:48:38,603 - INFO - 🤖 Dashboard Sentinel - ELF Standard - Starting monitoring cycle...
2026-01-30 19:49:08,626 - INFO - 🤖 Dashboard Sentinel - ELF Standard - Starting monitoring cycle...
2026-01-30 19:49:38,649 - INFO - 🤖 Dashboard Sentinel - ELF Standard - Starting monitoring cycle...
2026-01-30 19:50:08,709 - INFO - 🤖 Dashboard Sentinel - ELF Standard - Starting monitoring cycle...
2026-01-30 19:50:38,805 - INFO - 🤖 Dashboard Sentinel - ELF Standard - Starting monitoring cycle...
2026-01-30 19:51:08,823 - INFO - 🤖 Dashboard Sentinel - ELF Standard - Starting monitoring cycle...
2026-01-30 19:51:38,843 - INFO - 🤖 Dashboard Sentinel - ELF Standard - Starting monitoring cycle...
2026-01-30 19:52:08,863 - INFO - 🤖 Dashboard Sentinel - ELF Standard - Starting monitoring cycle...
2026-01-30 19:52:08,872 - INFO - 
======================================================================
2026-01-30 19:52:08,872 - INFO - 🚀 EXECUTING AGENT WORKFLOWS FOR 1 PATTERNS
2026-01-30 19:52:08,872 - INFO - ======================================================================
2026-01-30 19:52:08,872 - INFO - 
📍 Processing pattern: Declining activity trend detected
2026-01-30 19:52:08,872 - INFO - 🔍 Handling pattern: Declining activity trend detected
2026-01-30 19:52:08,872 - INFO - 📞 Should call agent: researcher
2026-01-30 19:52:08,872 - INFO - 💡 Recommendation: Investigate root cause of activity decline
2026-01-30 19:52:08,872 - INFO - 💡 Recommendation: Check if users are disengaged
2026-01-30 19:52:08,872 - INFO - 💡 Recommendation: Review recent system changes
2026-01-30 19:52:08,872 - INFO - 💡 Recommendation: Consider running user survey or analysis
2026-01-30 19:52:08,877 - INFO - ✅ Determined agent: researcher
2026-01-30 19:52:08,878 - INFO - 📞 Calling researcher agent...
2026-01-30 19:52:08,878 - INFO - 
======================================================================
2026-01-30 19:52:08,878 - INFO - 🚀 EXECUTING WORKFLOW FOR PATTERN: Declining activity trend detected
2026-01-30 19:52:08,878 - INFO - ======================================================================
2026-01-30 19:52:08,878 - INFO - 
[1️⃣ AGENT CALL] Calling researcher agent...
2026-01-30 19:57:08,944 - ERROR - ❌ Agent researcher failed to respond
2026-01-30 19:57:08,944 - ERROR - ❌ Workflow failed for pattern: Declining activity trend detected
2026-01-30 19:57:08,945 - ERROR -    Status: agent_failed
2026-01-30 19:57:08,945 - INFO - 
======================================================================
2026-01-30 19:57:08,945 - INFO - ✅ AGENT WORKFLOWS EXECUTION COMPLETE
2026-01-30 19:57:08,945 - INFO -    Patterns processed: 1
2026-01-30 19:57:08,945 - INFO -    Successful workflows: 0
2026-01-30 19:57:08,945 - INFO - ======================================================================

2026-01-30 19:57:08,945 - INFO - 🔍 Patterns detected: Declining activity trend detected
2026-01-30 19:57:38,951 - INFO - 🤖 Dashboard Sentinel - ELF Standard - Starting monitoring cycle...
2026-01-30 19:58:08,966 - INFO - 🤖 Dashboard Sentinel - ELF Standard - Starting monitoring cycle...
2026-01-30 19:58:38,980 - INFO - 🤖 Dashboard Sentinel - ELF Standard - Starting monitoring cycle...
2026-01-30 19:59:08,997 - INFO - 🤖 Dashboard Sentinel - ELF Standard - Starting monitoring cycle...
2026-01-30 19:59:39,014 - INFO - 🤖 Dashboard Sentinel - ELF Standard - Starting monitoring cycle...
2026-01-30 20:00:09,030 - INFO - 🤖 Dashboard Sentinel - ELF Standard - Starting monitoring cycle...
2026-01-30 20:00:39,050 - INFO - 🤖 Dashboard Sentinel - ELF Standard - Starting monitoring cycle...
2026-01-30 20:01:09,073 - INFO - 🤖 Dashboard Sentinel - ELF Standard - Starting monitoring cycle...
2026-01-30 20:01:39,084 - INFO - 🤖 Dashboard Sentinel - ELF Standard - Starting monitoring cycle...
2026-01-30 20:02:09,106 - INFO - 🤖 Dashboard Sentinel - ELF Standard - Starting monitoring cycle...
2026-01-30 20:02:39,130 - INFO - 🤖 Dashboard Sentinel - ELF Standard - Starting monitoring cycle...
2026-01-30 20:03:09,153 - INFO - 🤖 Dashboard Sentinel - ELF Standard - Starting monitoring cycle...
2026-01-30 20:03:39,173 - INFO - 🤖 Dashboard Sentinel - ELF Standard - Starting monitoring cycle...
2026-01-30 20:04:09,193 - INFO - 🤖 Dashboard Sentinel - ELF Standard - Starting monitoring cycle...
2026-01-30 20:04:39,207 - INFO - 🤖 Dashboard Sentinel - ELF Standard - Starting monitoring cycle...
2026-01-30 20:05:09,226 - INFO - 🤖 Dashboard Sentinel - ELF Standard - Starting monitoring cycle...
2026-01-30 20:05:39,247 - INFO - 🤖 Dashboard Sentinel - ELF Standard - Starting monitoring cycle...
2026-01-30 20:06:09,272 - INFO - 🤖 Dashboard Sentinel - ELF Standard - Starting monitoring cycle...
2026-01-30 20:06:39,289 - INFO - 🤖 Dashboard Sentinel - ELF Standard - Starting monitoring cycle...
2026-01-30 20:07:09,303 - INFO - 🤖 Dashboard Sentinel - ELF Standard - Starting monitoring cycle...
2026-01-30 20:07:39,319 - INFO - 🤖 Dashboard Sentinel - ELF Standard - Starting monitoring cycle...
2026-01-30 20:08:09,334 - INFO - 🤖 Dashboard Sentinel - ELF Standard - Starting monitoring cycle...
2026-01-30 20:08:39,350 - INFO - 🤖 Dashboard Sentinel - ELF Standard - Starting monitoring cycle...
2026-01-30 20:09:09,366 - INFO - 🤖 Dashboard Sentinel - ELF Standard - Starting monitoring cycle...
2026-01-30 20:09:39,578 - INFO - 🤖 Dashboard Sentinel - ELF Standard - Starting monitoring cycle...
2026-01-30 20:09:39,587 - INFO - 
======================================================================
2026-01-30 20:09:39,587 - INFO - 🚀 EXECUTING AGENT WORKFLOWS FOR 1 PATTERNS
2026-01-30 20:09:39,587 - INFO - ======================================================================
2026-01-30 20:09:39,587 - INFO - 
📍 Processing pattern: Cyclical pattern detected: Activity cycle of 10 intervals detected
2026-01-30 20:09:39,587 - INFO - 🔍 Handling pattern: Cyclical pattern detected: Activity cycle of 10 intervals detected
2026-01-30 20:09:39,587 - INFO - 📞 Should call agent: researcher
2026-01-30 20:09:39,587 - INFO - 💡 Recommendation: Confirm cyclical pattern continues
2026-01-30 20:09:39,587 - INFO - 💡 Recommendation: Plan resources around cycle
2026-01-30 20:09:39,587 - INFO - 💡 Recommendation: Optimize for peak times
2026-01-30 20:09:39,587 - INFO - 💡 Recommendation: Automate cycle-based actions
2026-01-30 20:09:39,593 - INFO - ✅ Determined agent: researcher
2026-01-30 20:09:39,593 - INFO - 📞 Calling researcher agent...
2026-01-30 20:09:39,593 - INFO - 
======================================================================
2026-01-30 20:09:39,594 - INFO - 🚀 EXECUTING WORKFLOW FOR PATTERN: Cyclical pattern detected: Activity cycle of 10 intervals detected
2026-01-30 20:09:39,594 - INFO - ======================================================================
2026-01-30 20:09:39,594 - INFO - 
[1️⃣ AGENT CALL] Calling researcher agent...
2026-01-30 20:14:39,779 - ERROR - ❌ Agent researcher failed to respond
2026-01-30 20:14:39,779 - ERROR - ❌ Workflow failed for pattern: Cyclical pattern detected: Activity cycle of 10 intervals detected
2026-01-30 20:14:39,779 - ERROR -    Status: agent_failed
2026-01-30 20:14:39,779 - INFO - 
======================================================================
2026-01-30 20:14:39,779 - INFO - ✅ AGENT WORKFLOWS EXECUTION COMPLETE
2026-01-30 20:14:39,779 - INFO -    Patterns processed: 1
2026-01-30 20:14:39,779 - INFO -    Successful workflows: 0
2026-01-30 20:14:39,779 - INFO - ======================================================================

2026-01-30 20:14:39,779 - INFO - 🔍 Patterns detected: Cyclical pattern detected: Activity cycle of 10 intervals detected
2026-01-30 20:15:09,787 - INFO - 🤖 Dashboard Sentinel - ELF Standard - Starting monitoring cycle...
2026-01-30 20:15:39,811 - INFO - 🤖 Dashboard Sentinel - ELF Standard - Starting monitoring cycle...
2026-01-30 20:16:09,835 - INFO - 🤖 Dashboard Sentinel - ELF Standard - Starting monitoring cycle...
2026-01-30 20:16:39,851 - INFO - 🤖 Dashboard Sentinel - ELF Standard - Starting monitoring cycle...
2026-01-30 20:17:09,881 - INFO - 🤖 Dashboard Sentinel - ELF Standard - Starting monitoring cycle...
2026-01-30 20:17:39,911 - INFO - 🤖 Dashboard Sentinel - ELF Standard - Starting monitoring cycle...
2026-01-30 20:18:09,925 - INFO - 🤖 Dashboard Sentinel - ELF Standard - Starting monitoring cycle...
2026-01-30 20:18:39,942 - INFO - 🤖 Dashboard Sentinel - ELF Standard - Starting monitoring cycle...
2026-01-30 20:19:09,956 - INFO - 🤖 Dashboard Sentinel - ELF Standard - Starting monitoring cycle...
2026-01-30 20:19:39,972 - INFO - 🤖 Dashboard Sentinel - ELF Standard - Starting monitoring cycle...
2026-01-30 20:20:09,998 - INFO - 🤖 Dashboard Sentinel - ELF Standard - Starting monitoring cycle...
2026-01-30 20:20:40,023 - INFO - 🤖 Dashboard Sentinel - ELF Standard - Starting monitoring cycle...
2026-01-30 20:21:10,044 - INFO - 🤖 Dashboard Sentinel - ELF Standard - Starting monitoring cycle...
2026-01-30 20:21:40,068 - INFO - 🤖 Dashboard Sentinel - ELF Standard - Starting monitoring cycle...
2026-01-30 20:22:10,086 - INFO - 🤖 Dashboard Sentinel - ELF Standard - Starting monitoring cycle...
2026-01-30 20:22:10,096 - INFO - 
======================================================================
2026-01-30 20:22:10,097 - INFO - 🚀 EXECUTING AGENT WORKFLOWS FOR 1 PATTERNS
2026-01-30 20:22:10,097 - INFO - ======================================================================
2026-01-30 20:22:10,097 - INFO - 
📍 Processing pattern: Declining activity trend detected
2026-01-30 20:22:10,097 - INFO - 🔍 Handling pattern: Declining activity trend detected
2026-01-30 20:22:10,097 - INFO - 📞 Should call agent: researcher
2026-01-30 20:22:10,097 - INFO - 💡 Recommendation: Investigate root cause of activity decline
2026-01-30 20:22:10,097 - INFO - 💡 Recommendation: Check if users are disengaged
2026-01-30 20:22:10,097 - INFO - 💡 Recommendation: Review recent system changes
2026-01-30 20:22:10,097 - INFO - 💡 Recommendation: Consider running user survey or analysis
2026-01-30 20:22:10,104 - INFO - ✅ Determined agent: researcher
2026-01-30 20:22:10,104 - INFO - 📞 Calling researcher agent...
2026-01-30 20:22:10,104 - INFO - 
======================================================================
2026-01-30 20:22:10,104 - INFO - 🚀 EXECUTING WORKFLOW FOR PATTERN: Declining activity trend detected
2026-01-30 20:22:10,104 - INFO - ======================================================================
2026-01-30 20:22:10,104 - INFO - 
[1️⃣ AGENT CALL] Calling researcher agent...
2026-01-30 20:27:10,288 - ERROR - ❌ Agent researcher failed to respond
2026-01-30 20:27:10,288 - ERROR - ❌ Workflow failed for pattern: Declining activity trend detected
2026-01-30 20:27:10,288 - ERROR -    Status: agent_failed
2026-01-30 20:27:10,289 - INFO - 
======================================================================
2026-01-30 20:27:10,289 - INFO - ✅ AGENT WORKFLOWS EXECUTION COMPLETE
2026-01-30 20:27:10,289 - INFO -    Patterns processed: 1
2026-01-30 20:27:10,289 - INFO -    Successful workflows: 0
2026-01-30 20:27:10,289 - INFO - ======================================================================

2026-01-30 20:27:10,289 - INFO - 🔍 Patterns detected: Declining activity trend detected
2026-01-30 20:27:40,296 - INFO - 🤖 Dashboard Sentinel - ELF Standard - Starting monitoring cycle...
2026-01-30 20:28:10,321 - INFO - 🤖 Dashboard Sentinel - ELF Standard - Starting monitoring cycle...
2026-01-30 20:28:40,345 - INFO - 🤖 Dashboard Sentinel - ELF Standard - Starting monitoring cycle...
2026-01-30 20:29:10,368 - INFO - 🤖 Dashboard Sentinel - ELF Standard - Starting monitoring cycle...
2026-01-30 20:29:40,386 - INFO - 🤖 Dashboard Sentinel - ELF Standard - Starting monitoring cycle...
2026-01-30 20:30:10,401 - INFO - 🤖 Dashboard Sentinel - ELF Standard - Starting monitoring cycle...
2026-01-30 20:30:40,418 - INFO - 🤖 Dashboard Sentinel - ELF Standard - Starting monitoring cycle...
2026-01-30 20:31:10,434 - INFO - 🤖 Dashboard Sentinel - ELF Standard - Starting monitoring cycle...
2026-01-30 20:31:40,449 - INFO - 🤖 Dashboard Sentinel - ELF Standard - Starting monitoring cycle...
2026-01-30 20:32:10,466 - INFO - 🤖 Dashboard Sentinel - ELF Standard - Starting monitoring cycle...
2026-01-30 20:32:40,485 - INFO - 🤖 Dashboard Sentinel - ELF Standard - Starting monitoring cycle...
2026-01-30 20:33:10,501 - INFO - 🤖 Dashboard Sentinel - ELF Standard - Starting monitoring cycle...
2026-01-30 20:33:40,519 - INFO - 🤖 Dashboard Sentinel - ELF Standard - Starting monitoring cycle...
2026-01-30 20:34:10,534 - INFO - 🤖 Dashboard Sentinel - ELF Standard - Starting monitoring cycle...
2026-01-30 20:34:40,547 - INFO - 🤖 Dashboard Sentinel - ELF Standard - Starting monitoring cycle...
2026-01-30 20:35:10,561 - INFO - 🤖 Dashboard Sentinel - ELF Standard - Starting monitoring cycle...
2026-01-30 20:35:40,575 - INFO - 🤖 Dashboard Sentinel - ELF Standard - Starting monitoring cycle...
2026-01-30 20:36:10,592 - INFO - 🤖 Dashboard Sentinel - ELF Standard - Starting monitoring cycle...
2026-01-30 20:36:40,608 - INFO - 🤖 Dashboard Sentinel - ELF Standard - Starting monitoring cycle...
2026-01-30 20:37:10,623 - INFO - 🤖 Dashboard Sentinel - ELF Standard - Starting monitoring cycle...
2026-01-30 20:37:40,638 - INFO - 🤖 Dashboard Sentinel - ELF Standard - Starting monitoring cycle...
2026-01-30 20:38:10,653 - INFO - 🤖 Dashboard Sentinel - ELF Standard - Starting monitoring cycle...
2026-01-30 20:38:40,670 - INFO - 🤖 Dashboard Sentinel - ELF Standard - Starting monitoring cycle...
2026-01-30 20:39:10,687 - INFO - 🤖 Dashboard Sentinel - ELF Standard - Starting monitoring cycle...
2026-01-30 20:39:40,704 - INFO - 🤖 Dashboard Sentinel - ELF Standard - Starting monitoring cycle...
2026-01-30 20:39:40,716 - INFO - 
======================================================================
2026-01-30 20:39:40,716 - INFO - 🚀 EXECUTING AGENT WORKFLOWS FOR 1 PATTERNS
2026-01-30 20:39:40,716 - INFO - ======================================================================
2026-01-30 20:39:40,716 - INFO - 
📍 Processing pattern: Cyclical pattern detected: Activity cycle of 10 intervals detected
2026-01-30 20:39:40,716 - INFO - 🔍 Handling pattern: Cyclical pattern detected: Activity cycle of 10 intervals detected
2026-01-30 20:39:40,716 - INFO - 📞 Should call agent: researcher
2026-01-30 20:39:40,716 - INFO - 💡 Recommendation: Confirm cyclical pattern continues
2026-01-30 20:39:40,716 - INFO - 💡 Recommendation: Plan resources around cycle
2026-01-30 20:39:40,716 - INFO - 💡 Recommendation: Optimize for peak times
2026-01-30 20:39:40,716 - INFO - 💡 Recommendation: Automate cycle-based actions
2026-01-30 20:39:40,721 - INFO - ✅ Determined agent: researcher
2026-01-30 20:39:40,722 - INFO - 📞 Calling researcher agent...
2026-01-30 20:39:40,722 - INFO - 
======================================================================
2026-01-30 20:39:40,722 - INFO - 🚀 EXECUTING WORKFLOW FOR PATTERN: Cyclical pattern detected: Activity cycle of 10 intervals detected
2026-01-30 20:39:40,722 - INFO - ======================================================================
2026-01-30 20:39:40,722 - INFO - 
[1️⃣ AGENT CALL] Calling researcher agent...
2026-01-30 20:44:40,916 - ERROR - ❌ Agent researcher failed to respond
2026-01-30 20:44:40,916 - ERROR - ❌ Workflow failed for pattern: Cyclical pattern detected: Activity cycle of 10 intervals detected
2026-01-30 20:44:40,916 - ERROR -    Status: agent_failed
2026-01-30 20:44:40,916 - INFO - 
======================================================================
2026-01-30 20:44:40,916 - INFO - ✅ AGENT WORKFLOWS EXECUTION COMPLETE
2026-01-30 20:44:40,916 - INFO -    Patterns processed: 1
2026-01-30 20:44:40,916 - INFO -    Successful workflows: 0
2026-01-30 20:44:40,916 - INFO - ======================================================================

2026-01-30 20:44:40,917 - INFO - 🔍 Patterns detected: Cyclical pattern detected: Activity cycle of 10 intervals detected
2026-01-30 20:45:10,924 - INFO - 🤖 Dashboard Sentinel - ELF Standard - Starting monitoring cycle...
2026-01-30 20:45:40,938 - INFO - 🤖 Dashboard Sentinel - ELF Standard - Starting monitoring cycle...
2026-01-30 20:46:10,950 - INFO - 🤖 Dashboard Sentinel - ELF Standard - Starting monitoring cycle...
2026-01-30 20:46:40,967 - INFO - 🤖 Dashboard Sentinel - ELF Standard - Starting monitoring cycle...
2026-01-30 20:47:10,984 - INFO - 🤖 Dashboard Sentinel - ELF Standard - Starting monitoring cycle...
2026-01-30 20:47:41,005 - INFO - 🤖 Dashboard Sentinel - ELF Standard - Starting monitoring cycle...
2026-01-30 20:48:11,025 - INFO - 🤖 Dashboard Sentinel - ELF Standard - Starting monitoring cycle...
2026-01-30 20:48:41,039 - INFO - 🤖 Dashboard Sentinel - ELF Standard - Starting monitoring cycle...
2026-01-30 20:49:11,056 - INFO - 🤖 Dashboard Sentinel - ELF Standard - Starting monitoring cycle...
2026-01-30 20:49:41,072 - INFO - 🤖 Dashboard Sentinel - ELF Standard - Starting monitoring cycle...
2026-01-30 20:50:11,087 - INFO - 🤖 Dashboard Sentinel - ELF Standard - Starting monitoring cycle...
2026-01-30 20:50:41,102 - INFO - 🤖 Dashboard Sentinel - ELF Standard - Starting monitoring cycle...
2026-01-30 20:51:11,115 - INFO - 🤖 Dashboard Sentinel - ELF Standard - Starting monitoring cycle...
2026-01-30 20:51:41,135 - INFO - 🤖 Dashboard Sentinel - ELF Standard - Starting monitoring cycle...
2026-01-30 20:52:11,159 - INFO - 🤖 Dashboard Sentinel - ELF Standard - Starting monitoring cycle...
2026-01-30 20:52:11,173 - INFO - 
======================================================================
2026-01-30 20:52:11,174 - INFO - 🚀 EXECUTING AGENT WORKFLOWS FOR 1 PATTERNS
2026-01-30 20:52:11,174 - INFO - ======================================================================
2026-01-30 20:52:11,174 - INFO - 
📍 Processing pattern: Declining activity trend detected
2026-01-30 20:52:11,174 - INFO - 🔍 Handling pattern: Declining activity trend detected
2026-01-30 20:52:11,174 - INFO - 📞 Should call agent: researcher
2026-01-30 20:52:11,175 - INFO - 💡 Recommendation: Investigate root cause of activity decline
2026-01-30 20:52:11,175 - INFO - 💡 Recommendation: Check if users are disengaged
2026-01-30 20:52:11,176 - INFO - 💡 Recommendation: Review recent system changes
2026-01-30 20:52:11,176 - INFO - 💡 Recommendation: Consider running user survey or analysis
2026-01-30 20:52:11,184 - INFO - ✅ Determined agent: researcher
2026-01-30 20:52:11,185 - INFO - 📞 Calling researcher agent...
2026-01-30 20:52:11,185 - INFO - 
======================================================================
2026-01-30 20:52:11,185 - INFO - 🚀 EXECUTING WORKFLOW FOR PATTERN: Declining activity trend detected
2026-01-30 20:52:11,185 - INFO - ======================================================================
2026-01-30 20:52:11,185 - INFO - 
[1️⃣ AGENT CALL] Calling researcher agent...
2026-01-30 20:57:11,352 - ERROR - ❌ Agent researcher failed to respond
2026-01-30 20:57:11,352 - ERROR - ❌ Workflow failed for pattern: Declining activity trend detected
2026-01-30 20:57:11,352 - ERROR -    Status: agent_failed
2026-01-30 20:57:11,352 - INFO - 
======================================================================
2026-01-30 20:57:11,352 - INFO - ✅ AGENT WORKFLOWS EXECUTION COMPLETE
2026-01-30 20:57:11,352 - INFO -    Patterns processed: 1
2026-01-30 20:57:11,353 - INFO -    Successful workflows: 0
2026-01-30 20:57:11,353 - INFO - ======================================================================

2026-01-30 20:57:11,353 - INFO - 🔍 Patterns detected: Declining activity trend detected
2026-01-30 20:57:41,362 - INFO - 🤖 Dashboard Sentinel - ELF Standard - Starting monitoring cycle...
2026-01-30 20:58:11,386 - INFO - 🤖 Dashboard Sentinel - ELF Standard - Starting monitoring cycle...
